Archive member included to satisfy reference by file (symbol)

D:/CoubeIDE/STM32CubeIDE_1.10.1/STM32CubeIDE/plugins/com.st.stm32cube.ide.mcu.externaltools.gnu-tools-for-stm32.12.3.rel1.win32_1.0.200.202406191623/tools/bin/../lib/gcc/arm-none-eabi/12.3.1/../../../../arm-none-eabi/lib/thumb/v7-m/nofp\libc_nano.a(libc_a-exit.o)
                              D:/CoubeIDE/STM32CubeIDE_1.10.1/STM32CubeIDE/plugins/com.st.stm32cube.ide.mcu.externaltools.gnu-tools-for-stm32.12.3.rel1.win32_1.0.200.202406191623/tools/bin/../lib/gcc/arm-none-eabi/12.3.1/../../../../arm-none-eabi/lib/thumb/v7-m/nofp/crt0.o (exit)
D:/CoubeIDE/STM32CubeIDE_1.10.1/STM32CubeIDE/plugins/com.st.stm32cube.ide.mcu.externaltools.gnu-tools-for-stm32.12.3.rel1.win32_1.0.200.202406191623/tools/bin/../lib/gcc/arm-none-eabi/12.3.1/../../../../arm-none-eabi/lib/thumb/v7-m/nofp\libc_nano.a(libc_a-findfp.o)
                              D:/CoubeIDE/STM32CubeIDE_1.10.1/STM32CubeIDE/plugins/com.st.stm32cube.ide.mcu.externaltools.gnu-tools-for-stm32.12.3.rel1.win32_1.0.200.202406191623/tools/bin/../lib/gcc/arm-none-eabi/12.3.1/../../../../arm-none-eabi/lib/thumb/v7-m/nofp\libc_nano.a(libc_a-exit.o) (__stdio_exit_handler)
D:/CoubeIDE/STM32CubeIDE_1.10.1/STM32CubeIDE/plugins/com.st.stm32cube.ide.mcu.externaltools.gnu-tools-for-stm32.12.3.rel1.win32_1.0.200.202406191623/tools/bin/../lib/gcc/arm-none-eabi/12.3.1/../../../../arm-none-eabi/lib/thumb/v7-m/nofp\libc_nano.a(libc_a-fwalk.o)
                              D:/CoubeIDE/STM32CubeIDE_1.10.1/STM32CubeIDE/plugins/com.st.stm32cube.ide.mcu.externaltools.gnu-tools-for-stm32.12.3.rel1.win32_1.0.200.202406191623/tools/bin/../lib/gcc/arm-none-eabi/12.3.1/../../../../arm-none-eabi/lib/thumb/v7-m/nofp\libc_nano.a(libc_a-findfp.o) (_fwalk_sglue)
D:/CoubeIDE/STM32CubeIDE_1.10.1/STM32CubeIDE/plugins/com.st.stm32cube.ide.mcu.externaltools.gnu-tools-for-stm32.12.3.rel1.win32_1.0.200.202406191623/tools/bin/../lib/gcc/arm-none-eabi/12.3.1/../../../../arm-none-eabi/lib/thumb/v7-m/nofp\libc_nano.a(libc_a-stdio.o)
                              D:/CoubeIDE/STM32CubeIDE_1.10.1/STM32CubeIDE/plugins/com.st.stm32cube.ide.mcu.externaltools.gnu-tools-for-stm32.12.3.rel1.win32_1.0.200.202406191623/tools/bin/../lib/gcc/arm-none-eabi/12.3.1/../../../../arm-none-eabi/lib/thumb/v7-m/nofp\libc_nano.a(libc_a-findfp.o) (__sread)
D:/CoubeIDE/STM32CubeIDE_1.10.1/STM32CubeIDE/plugins/com.st.stm32cube.ide.mcu.externaltools.gnu-tools-for-stm32.12.3.rel1.win32_1.0.200.202406191623/tools/bin/../lib/gcc/arm-none-eabi/12.3.1/../../../../arm-none-eabi/lib/thumb/v7-m/nofp\libc_nano.a(libc_a-memset.o)
                              D:/CoubeIDE/STM32CubeIDE_1.10.1/STM32CubeIDE/plugins/com.st.stm32cube.ide.mcu.externaltools.gnu-tools-for-stm32.12.3.rel1.win32_1.0.200.202406191623/tools/bin/../lib/gcc/arm-none-eabi/12.3.1/../../../../arm-none-eabi/lib/thumb/v7-m/nofp/crt0.o (memset)
D:/CoubeIDE/STM32CubeIDE_1.10.1/STM32CubeIDE/plugins/com.st.stm32cube.ide.mcu.externaltools.gnu-tools-for-stm32.12.3.rel1.win32_1.0.200.202406191623/tools/bin/../lib/gcc/arm-none-eabi/12.3.1/../../../../arm-none-eabi/lib/thumb/v7-m/nofp\libc_nano.a(libc_a-closer.o)
                              D:/CoubeIDE/STM32CubeIDE_1.10.1/STM32CubeIDE/plugins/com.st.stm32cube.ide.mcu.externaltools.gnu-tools-for-stm32.12.3.rel1.win32_1.0.200.202406191623/tools/bin/../lib/gcc/arm-none-eabi/12.3.1/../../../../arm-none-eabi/lib/thumb/v7-m/nofp\libc_nano.a(libc_a-stdio.o) (_close_r)
D:/CoubeIDE/STM32CubeIDE_1.10.1/STM32CubeIDE/plugins/com.st.stm32cube.ide.mcu.externaltools.gnu-tools-for-stm32.12.3.rel1.win32_1.0.200.202406191623/tools/bin/../lib/gcc/arm-none-eabi/12.3.1/../../../../arm-none-eabi/lib/thumb/v7-m/nofp\libc_nano.a(libc_a-reent.o)
                              D:/CoubeIDE/STM32CubeIDE_1.10.1/STM32CubeIDE/plugins/com.st.stm32cube.ide.mcu.externaltools.gnu-tools-for-stm32.12.3.rel1.win32_1.0.200.202406191623/tools/bin/../lib/gcc/arm-none-eabi/12.3.1/../../../../arm-none-eabi/lib/thumb/v7-m/nofp\libc_nano.a(libc_a-closer.o) (errno)
D:/CoubeIDE/STM32CubeIDE_1.10.1/STM32CubeIDE/plugins/com.st.stm32cube.ide.mcu.externaltools.gnu-tools-for-stm32.12.3.rel1.win32_1.0.200.202406191623/tools/bin/../lib/gcc/arm-none-eabi/12.3.1/../../../../arm-none-eabi/lib/thumb/v7-m/nofp\libc_nano.a(libc_a-impure.o)
                              D:/CoubeIDE/STM32CubeIDE_1.10.1/STM32CubeIDE/plugins/com.st.stm32cube.ide.mcu.externaltools.gnu-tools-for-stm32.12.3.rel1.win32_1.0.200.202406191623/tools/bin/../lib/gcc/arm-none-eabi/12.3.1/../../../../arm-none-eabi/lib/thumb/v7-m/nofp\libc_nano.a(libc_a-reent.o) (_impure_ptr)
D:/CoubeIDE/STM32CubeIDE_1.10.1/STM32CubeIDE/plugins/com.st.stm32cube.ide.mcu.externaltools.gnu-tools-for-stm32.12.3.rel1.win32_1.0.200.202406191623/tools/bin/../lib/gcc/arm-none-eabi/12.3.1/../../../../arm-none-eabi/lib/thumb/v7-m/nofp\libc_nano.a(libc_a-lseekr.o)
[...]
Memory Configuration

Name             Origin             Length             Attributes
RAM              0x20000000         0x00005000         xrw
FLASH            0x08000000         0x00020000         xr
*default*        0x00000000         0xffffffff

Linker script and memory map

LOAD D:/CoubeIDE/STM32CubeIDE_1.10.1/STM32CubeIDE/plugins/com.st.stm32cube.ide.mcu.externaltools.gnu-tools-for-stm32.12.3.rel1.win32_1.0.200.202406191623/tools/bin/../lib/gcc/arm-none-eabi/12.3.1/thumb/v7-m/nofp/crti.o
LOAD D:/CoubeIDE/STM32CubeIDE_1.10.1/STM32CubeIDE/plugins/com.st.stm32cube.ide.mcu.externaltools.gnu-tools-for-stm32.12.3.rel1.win32_1.0.200.202406191623/tools/bin/../lib/gcc/arm-none-eabi/12.3.1/thumb/v7-m/nofp/crtbegin.o
LOAD D:/CoubeIDE/STM32CubeIDE_1.10.1/STM32CubeIDE/plugins/com.st.stm32cube.ide.mcu.externaltools.gnu-tools-for-stm32.12.3.rel1.win32_1.0.200.202406191623/tools/bin/../lib/gcc/arm-none-eabi/12.3.1/../../../../arm-none-eabi/lib/thumb/v7-m/nofp/crt0.o
LOAD ./Core/Src/lcd1602_i2c_lib.o
LOAD ./Core/Src/main.o
LOAD ./Core/Src/stm32f1xx_hal_msp.o
LOAD ./Core/Src/stm32f1xx_it.o
LOAD ./Core/Src/syscalls.o
LOAD ./Core/Src/sysmem.o
LOAD ./Core/Src/system_stm32f1xx.o
LOAD ./Core/Startup/startup_stm32f103rbtx.o
LOAD ./Drivers/STM32F1xx_HAL_Driver/Src/stm32f1xx_hal.o
LOAD ./Drivers/STM32F1xx_HAL_Driver/Src/stm32f1xx_hal_cortex.o
LOAD ./Drivers/STM32F1xx_HAL_Driver/Src/stm32f1xx_hal_dma.o
LOAD ./Drivers/STM32F1xx_HAL_Driver/Src/stm32f1xx_hal_exti.o
LOAD ./Drivers/STM32F1xx_HAL_Driver/Src/stm32f1xx_hal_flash.o
LOAD ./Drivers/STM32F1xx_HAL_Driver/Src/stm32f1xx_hal_flash_ex.o
LOAD ./Drivers/STM32F1xx_HAL_Driver/Src/stm32f1xx_hal_gpio.o
LOAD ./Drivers/STM32F1xx_HAL_Driver/Src/stm32f1xx_hal_gpio_ex.o
LOAD ./Drivers/STM32F1xx_HAL_Driver/Src/stm32f1xx_hal_i2c.o
LOAD ./Drivers/STM32F1xx_HAL_Driver/Src/stm32f1xx_hal_pwr.o
LOAD ./Drivers/STM32F1xx_HAL_Driver/Src/stm32f1xx_hal_rcc.o
LOAD ./Drivers/STM32F1xx_HAL_Driver/Src/stm32f1xx_hal_rcc_ex.o
LOAD ./Drivers/STM32F1xx_HAL_Driver/Src/stm32f1xx_hal_tim.o
LOAD ./Drivers/STM32F1xx_HAL_Driver/Src/stm32f1xx_hal_tim_ex.o
START GROUP
LOAD D:/CoubeIDE/STM32CubeIDE_1.10.1/STM32CubeIDE/plugins/com.st.stm32cube.ide.mcu.externaltools.gnu-tools-for-stm32.12.3.rel1.win32_1.0.200.202406191623/tools/bin/../lib/gcc/arm-none-eabi/12.3.1/../../../../arm-none-eabi/lib/thumb/v7-m/nofp\libc_nano.a
LOAD D:/CoubeIDE/STM32CubeIDE_1.10.1/STM32CubeIDE/plugins/com.st.stm32cube.ide.mcu.externaltools.gnu-tools-for-stm32.12.3.rel1.win32_1.0.200.202406191623/tools/bin/../lib/gcc/arm-none-eabi/12.3.1/../../../../arm-none-eabi/lib/thumb/v7-m/nofp\libm.a
END GROUP
START GROUP
LOAD D:/CoubeIDE/STM32CubeIDE_1.10.1/STM32CubeIDE/plugins/com.st.stm32cube.ide.mcu.externaltools.gnu-tools-for-stm32.12.3.rel1.win32_1.0.200.202406191623/tools/bin/../lib/gcc/arm-none-eabi/12.3.1/thumb/v7-m/nofp\libgcc.a
LOAD D:/CoubeIDE/STM32CubeIDE_1.10.1/STM32CubeIDE/plugins/com.st.stm32cube.ide.mcu.externaltools.gnu-tools-for-stm32.12.3.rel1.win32_1.0.200.202406191623/tools/bin/../lib/gcc/arm-none-eabi/12.3.1/../../../../arm-none-eabi/lib/thumb/v7-m/nofp\libc_nano.a
END GROUP
START GROUP
LOAD D:/CoubeIDE/STM32CubeIDE_1.10.1/STM32CubeIDE/plugins/com.st.stm32cube.ide.mcu.externaltools.gnu-tools-for-stm32.12.3.rel1.win32_1.0.200.202406191623/tools/bin/../lib/gcc/arm-none-eabi/12.3.1/thumb/v7-m/nofp\libgcc.a
LOAD D:/CoubeIDE/STM32CubeIDE_1.10.1/STM32CubeIDE/plugins/com.st.stm32cube.ide.mcu.externaltools.gnu-tools-for-stm32.12.3.rel1.win32_1.0.200.202406191623/tools/bin/../lib/gcc/arm-none-eabi/12.3.1/../../../../arm-none-eabi/lib/thumb/v7-m/nofp\libc_nano.a
LOAD D:/CoubeIDE/STM32CubeIDE_1.10.1/STM32CubeIDE/plugins/com.st.stm32cube.ide.mcu.externaltools.gnu-tools-for-stm32.12.3.rel1.win32_1.0.200.202406191623/tools/bin/../lib/gcc/arm-none-eabi/12.3.1/../../../../arm-none-eabi/lib/thumb/v7-m/nofp\libnosys.a
END GROUP
START GROUP
LOAD D:/CoubeIDE/STM32CubeIDE_1.10.1/STM32CubeIDE/plugins/com.st.stm32cube.ide.mcu.externaltools.gnu-tools-for-stm32.12.3.rel1.win32_1.0.200.202406191623/tools/bin/../lib/gcc/arm-none-eabi/12.3.1/thumb/v7-m/nofp\libgcc.a
LOAD D:/CoubeIDE/STM32CubeIDE_1.10.1/STM32CubeIDE/plugins/com.st.stm32cube.ide.mcu.externaltools.gnu-tools-for-stm32.12.3.rel1.win32_1.0.200.202406191623/tools/bin/../lib/gcc/arm-none-eabi/12.3.1/../../../../arm-none-eabi/lib/thumb/v7-m/nofp\libc_nano.a
LOAD D:/CoubeIDE/STM32CubeIDE_1.10.1/STM32CubeIDE/plugins/com.st.stm32cube.ide.mcu.externaltools.gnu-tools-for-stm32.12.3.rel1.win32_1.0.200.202406191623/tools/bin/../lib/gcc/arm-none-eabi/12.3.1/../../../../arm-none-eabi/lib/thumb/v7-m/nofp\libnosys.a
END GROUP
LOAD D:/CoubeIDE/STM32CubeIDE_1.10.1/STM32CubeIDE/plugins/com.st.stm32cube.ide.mcu.externaltools.gnu-tools-for-stm32.12.3.rel1.win32_1.0.200.202406191623/tools/bin/../lib/gcc/arm-none-eabi/12.3.1/thumb/v7-m/nofp/crtend.o
LOAD D:/CoubeIDE/STM32CubeIDE_1.10.1/STM32CubeIDE/plugins/com.st.stm32cube.ide.mcu.externaltools.gnu-tools-for-stm32.12.3.rel1.win32_1.0.200.202406191623/tools/bin/../lib/gcc/arm-none-eabi/12.3.1/thumb/v7-m/nofp/crtn.o
                0x20005000                        _estack = (ORIGIN (RAM) + LENGTH (RAM))
                0x00000200                        _Min_Heap_Size = 0x200
                0x00000400                        _Min_Stack_Size = 0x400

.isr_vector     0x08000000      0x10c
                0x08000000                        . = ALIGN (0x4)
 *(.isr_vector)
 .isr_vector    0x08000000      0x10c ./Core/Startup/startup_stm32f103rbtx.o
                0x08000000                g_pfnVectors
                0x0800010c                        . = ALIGN (0x4)

.text           0x0800010c     0x2434
                0x0800010c                        . = ALIGN (0x4)
 *(.text)
 .text          0x0800010c       0x40 D:/CoubeIDE/STM32CubeIDE_1.10.1/STM32CubeIDE/plugins/com.st.stm32cube.ide.mcu.externaltools.gnu-tools-for-stm32.12.3.rel1.win32_1.0.200.202406191623/tools/bin/../lib/gcc/arm-none-eabi/12.3.1/thumb/v7-m/nofp/crtbegin.o
 .text          0x0800014c       0x10 D:/CoubeIDE/STM32CubeIDE_1.10.1/STM32CubeIDE/plugins/com.st.stm32cube.ide.mcu.externaltools.gnu-tools-for-stm32.12.3.rel1.win32_1.0.200.202406191623/tools/bin/../lib/gcc/arm-none-eabi/12.3.1/../../../../arm-none-eabi/lib/thumb/v7-m/nofp\libc_nano.a(libc_a-strlen.o)
                0x0800014c                strlen
 *(.text*)
 .text.lcd1602_Send_init_Data
                0x0800015c       0x88 ./Core/Src/lcd1602_i2c_lib.o
 .text.lcd1602_Send_data
                0x080001e4       0x7c ./Core/Src/lcd1602_i2c_lib.o
 .text.lcd1602_Init
                0x08000260       0xc0 ./Core/Src/lcd1602_i2c_lib.o
                0x08000260                lcd1602_Init
 .text.lcd1602_Print_symbol
                0x08000320       0x4a ./Core/Src/lcd1602_i2c_lib.o
                0x08000320                lcd1602_Print_symbol
 .text.lcd1602_Print_text
                0x0800036a       0x3a ./Core/Src/lcd1602_i2c_lib.o
                0x0800036a                lcd1602_Print_text
 .text.lcd1602_SetCursor
                0x080003a4       0x8a ./Core/Src/lcd1602_i2c_lib.o
                0x080003a4                lcd1602_SetCursor
 *fill*         0x0800042e        0x2 
 .text.main     0x08000430       0x38 ./Core/Src/main.o
                0x08000430                main
 .text.SystemClock_Config
                0x08000468       0x98 ./Core/Src/main.o
                0x08000468                SystemClock_Config
 .text.MX_I2C2_Init
                0x08000500       0x5c ./Core/Src/main.o
 .text.MX_TIM1_Init
                0x0800055c       0xa0 ./Core/Src/main.o
 .text.MX_GPIO_Init
                0x080005fc       0x88 ./Core/Src/main.o
 .text.Error_Handler
                0x08000684        0xc ./Core/Src/main.o
                0x08000684                Error_Handler
 .text.HAL_MspInit
                0x08000690       0x64 ./Core/Src/stm32f1xx_hal_msp.o
                0x08000690                HAL_MspInit
 .text.HAL_I2C_MspInit
                0x080006f4       0x80 ./Core/Src/stm32f1xx_hal_msp.o
                0x080006f4                HAL_I2C_MspInit
 .text.HAL_TIM_Base_MspInit
                0x08000774       0x3c ./Core/Src/stm32f1xx_hal_msp.o
                0x08000774                HAL_TIM_Base_MspInit
 .text.NMI_Handler
                0x080007b0        0x8 ./Core/Src/stm32f1xx_it.o
                0x080007b0                NMI_Handler
 .text.HardFault_Handler
                0x080007b8        0x8 ./Core/Src/stm32f1xx_it.o
                0x080007b8                HardFault_Handler
 .text.MemManage_Handler
                0x080007c0        0x8 ./Core/Src/stm32f1xx_it.o
                0x080007c0                MemManage_Handler
 .text.BusFault_Handler
                0x080007c8        0x8 ./Core/Src/stm32f1xx_it.o
                0x080007c8                BusFault_Handler
 .text.UsageFault_Handler
                0x080007d0        0x8 ./Core/Src/stm32f1xx_it.o
                0x080007d0                UsageFault_Handler
 .text.SVC_Handler
                0x080007d8        0xc ./Core/Src/stm32f1xx_it.o
                0x080007d8                SVC_Handler
 .text.DebugMon_Handler
                0x080007e4        0xc ./Core/Src/stm32f1xx_it.o
                0x080007e4                DebugMon_Handler
 .text.PendSV_Handler
                0x080007f0        0xc ./Core/Src/stm32f1xx_it.o
                0x080007f0                PendSV_Handler
 .text.SysTick_Handler
                0x080007fc        0xc ./Core/Src/stm32f1xx_it.o
                0x080007fc                SysTick_Handler
 .text.SystemInit
                0x08000808        0xc ./Core/Src/system_stm32f1xx.o
                0x08000808                SystemInit
 .text.Reset_Handler
                0x08000814       0x48 ./Core/Startup/startup_stm32f103rbtx.o
                0x08000814                Reset_Handler
 .text.Default_Handler
                0x0800085c        0x2 ./Core/Startup/startup_stm32f103rbtx.o
                0x0800085c                RTC_Alarm_IRQHandler
                0x0800085c                EXTI2_IRQHandler
                0x0800085c                TIM1_CC_IRQHandler
                0x0800085c                PVD_IRQHandler
                0x0800085c                EXTI3_IRQHandler
                0x0800085c                EXTI0_IRQHandler
                0x0800085c                I2C2_EV_IRQHandler
                0x0800085c                ADC1_2_IRQHandler
                0x0800085c                SPI1_IRQHandler
                0x0800085c                TAMPER_IRQHandler
                0x0800085c                DMA1_Channel4_IRQHandler
                0x0800085c                USART3_IRQHandler
                0x0800085c                RTC_IRQHandler
                0x0800085c                DMA1_Channel7_IRQHandler
                0x0800085c                CAN1_RX1_IRQHandler
                0x0800085c                TIM4_IRQHandler
                0x0800085c                I2C1_EV_IRQHandler
                0x0800085c                DMA1_Channel6_IRQHandler
                0x0800085c                TIM3_IRQHandler
                0x0800085c                RCC_IRQHandler
                0x0800085c                TIM1_TRG_COM_IRQHandler
                0x0800085c                DMA1_Channel1_IRQHandler
                0x0800085c                Default_Handler
                0x0800085c                EXTI15_10_IRQHandler
                0x0800085c                EXTI9_5_IRQHandler
                0x0800085c                SPI2_IRQHandler
                0x0800085c                DMA1_Channel5_IRQHandler
                0x0800085c                EXTI4_IRQHandler
                0x0800085c                USB_LP_CAN1_RX0_IRQHandler
                0x0800085c                USB_HP_CAN1_TX_IRQHandler
                0x0800085c                DMA1_Channel3_IRQHandler
                0x0800085c                TIM1_UP_IRQHandler
                0x0800085c                WWDG_IRQHandler
                0x0800085c                TIM2_IRQHandler
                0x0800085c                TIM1_BRK_IRQHandler
                0x0800085c                EXTI1_IRQHandler
                0x0800085c                USART2_IRQHandler
                0x0800085c                I2C2_ER_IRQHandler
                0x0800085c                DMA1_Channel2_IRQHandler
                0x0800085c                CAN1_SCE_IRQHandler
                0x0800085c                FLASH_IRQHandler
                0x0800085c                USART1_IRQHandler
                0x0800085c                I2C1_ER_IRQHandler
                0x0800085c                USBWakeUp_IRQHandler
 *fill*         0x0800085e        0x2 
 .text.HAL_Init
                0x08000860       0x2c ./Drivers/STM32F1xx_HAL_Driver/Src/stm32f1xx_hal.o
                0x08000860                HAL_Init
 .text.HAL_InitTick
                0x0800088c       0x60 ./Drivers/STM32F1xx_HAL_Driver/Src/stm32f1xx_hal.o
                0x0800088c                HAL_InitTick
 .text.HAL_IncTick
                0x080008ec       0x24 ./Drivers/STM32F1xx_HAL_Driver/Src/stm32f1xx_hal.o
                0x080008ec                HAL_IncTick
 .text.HAL_GetTick
                0x08000910       0x14 ./Drivers/STM32F1xx_HAL_Driver/Src/stm32f1xx_hal.o
                0x08000910                HAL_GetTick
 .text.HAL_Delay
                0x08000924       0x48 ./Drivers/STM32F1xx_HAL_Driver/Src/stm32f1xx_hal.o
                0x08000924                HAL_Delay
 .text.__NVIC_SetPriorityGrouping
                0x0800096c       0x48 ./Drivers/STM32F1xx_HAL_Driver/Src/stm32f1xx_hal_cortex.o
 .text.__NVIC_GetPriorityGrouping
                0x080009b4       0x1c ./Drivers/STM32F1xx_HAL_Driver/Src/stm32f1xx_hal_cortex.o
 .text.__NVIC_SetPriority
                0x080009d0       0x54 ./Drivers/STM32F1xx_HAL_Driver/Src/stm32f1xx_hal_cortex.o
 .text.NVIC_EncodePriority
                0x08000a24       0x64 ./Drivers/STM32F1xx_HAL_Driver/Src/stm32f1xx_hal_cortex.o
 .text.SysTick_Config
                0x08000a88       0x44 ./Drivers/STM32F1xx_HAL_Driver/Src/stm32f1xx_hal_cortex.o
 .text.HAL_NVIC_SetPriorityGrouping
                0x08000acc       0x16 ./Drivers/STM32F1xx_HAL_Driver/Src/stm32f1xx_hal_cortex.o
                0x08000acc                HAL_NVIC_SetPriorityGrouping
 .text.HAL_NVIC_SetPriority
                0x08000ae2       0x38 ./Drivers/STM32F1xx_HAL_Driver/Src/stm32f1xx_hal_cortex.o
                0x08000ae2                HAL_NVIC_SetPriority
 .text.HAL_SYSTICK_Config
                0x08000b1a       0x18 ./Drivers/STM32F1xx_HAL_Driver/Src/stm32f1xx_hal_cortex.o
                0x08000b1a                HAL_SYSTICK_Config
 *fill*         0x08000b32        0x2 
 .text.HAL_GPIO_Init
                0x08000b34      0x308 ./Drivers/STM32F1xx_HAL_Driver/Src/stm32f1xx_hal_gpio.o
                0x08000b34                HAL_GPIO_Init
 .text.HAL_I2C_Init
                0x08000e3c      0x288 ./Drivers/STM32F1xx_HAL_Driver/Src/stm32f1xx_hal_i2c.o
                0x08000e3c                HAL_I2C_Init
 .text.HAL_I2C_Master_Transmit
                0x080010c4      0x1fc ./Drivers/STM32F1xx_HAL_Driver/Src/stm32f1xx_hal_i2c.o
                0x080010c4                HAL_I2C_Master_Transmit
 .text.I2C_MasterRequestWrite
                0x080012c0      0x104 ./Drivers/STM32F1xx_HAL_Driver/Src/stm32f1xx_hal_i2c.o
 .text.I2C_WaitOnFlagUntilTimeout
                0x080013c4       0xf4 ./Drivers/STM32F1xx_HAL_Driver/Src/stm32f1xx_hal_i2c.o
 .text.I2C_WaitOnMasterAddressFlagUntilTimeout
                0x080014b8      0x140 ./Drivers/STM32F1xx_HAL_Driver/Src/stm32f1xx_hal_i2c.o
 .text.I2C_WaitOnTXEFlagUntilTimeout
                0x080015f8       0x90 ./Drivers/STM32F1xx_HAL_Driver/Src/stm32f1xx_hal_i2c.o
 .text.I2C_WaitOnBTFFlagUntilTimeout
                0x08001688       0x90 ./Drivers/STM32F1xx_HAL_Driver/Src/stm32f1xx_hal_i2c.o
 .text.I2C_IsAcknowledgeFailed
                0x08001718       0x5c ./Drivers/STM32F1xx_HAL_Driver/Src/stm32f1xx_hal_i2c.o
 .text.HAL_RCC_OscConfig
                0x08001774      0x504 ./Drivers/STM32F1xx_HAL_Driver/Src/stm32f1xx_hal_rcc.o
                0x08001774                HAL_RCC_OscConfig
 .text.HAL_RCC_ClockConfig
                0x08001c78      0x1d4 ./Drivers/STM32F1xx_HAL_Driver/Src/stm32f1xx_hal_rcc.o
                0x08001c78                HAL_RCC_ClockConfig
 .text.HAL_RCC_MCOConfig
                0x08001e4c       0x70 ./Drivers/STM32F1xx_HAL_Driver/Src/stm32f1xx_hal_rcc.o
                0x08001e4c                HAL_RCC_MCOConfig
 .text.HAL_RCC_GetSysClockFreq
                0x08001ebc       0xac ./Drivers/STM32F1xx_HAL_Driver/Src/stm32f1xx_hal_rcc.o
                0x08001ebc                HAL_RCC_GetSysClockFreq
 .text.HAL_RCC_GetHCLKFreq
                0x08001f68       0x14 ./Drivers/STM32F1xx_HAL_Driver/Src/stm32f1xx_hal_rcc.o
                0x08001f68                HAL_RCC_GetHCLKFreq
 .text.HAL_RCC_GetPCLK1Freq
                0x08001f7c       0x28 ./Drivers/STM32F1xx_HAL_Driver/Src/stm32f1xx_hal_rcc.o
                0x08001f7c                HAL_RCC_GetPCLK1Freq
 .text.RCC_Delay
                0x08001fa4       0x3c ./Drivers/STM32F1xx_HAL_Driver/Src/stm32f1xx_hal_rcc.o
 .text.HAL_TIM_Base_Init
                0x08001fe0       0x9e ./Drivers/STM32F1xx_HAL_Driver/Src/stm32f1xx_hal_tim.o
                0x08001fe0                HAL_TIM_Base_Init
 .text.HAL_TIM_ConfigClockSource
                0x0800207e      0x18e ./Drivers/STM32F1xx_HAL_Driver/Src/stm32f1xx_hal_tim.o
                0x0800207e                HAL_TIM_ConfigClockSource
 .text.TIM_Base_SetConfig
                0x0800220c       0xdc ./Drivers/STM32F1xx_HAL_Driver/Src/stm32f1xx_hal_tim.o
                0x0800220c                TIM_Base_SetConfig
 .text.TIM_TI1_ConfigInputStage
                0x080022e8       0x5c ./Drivers/STM32F1xx_HAL_Driver/Src/stm32f1xx_hal_tim.o
 .text.TIM_TI2_ConfigInputStage
                0x08002344       0x5e ./Drivers/STM32F1xx_HAL_Driver/Src/stm32f1xx_hal_tim.o
 .text.TIM_ITRx_SetConfig
                0x080023a2       0x34 ./Drivers/STM32F1xx_HAL_Driver/Src/stm32f1xx_hal_tim.o
 .text.TIM_ETR_SetConfig
                0x080023d6       0x3e ./Drivers/STM32F1xx_HAL_Driver/Src/stm32f1xx_hal_tim.o
                0x080023d6                TIM_ETR_SetConfig
 .text.HAL_TIMEx_MasterConfigSynchronization
                0x08002414       0xbc ./Drivers/STM32F1xx_HAL_Driver/Src/stm32f1xx_hal_tim_ex.o
                0x08002414                HAL_TIMEx_MasterConfigSynchronization
 .text.memset   0x080024d0       0x10 D:/CoubeIDE/STM32CubeIDE_1.10.1/STM32CubeIDE/plugins/com.st.stm32cube.ide.mcu.externaltools.gnu-tools-for-stm32.12.3.rel1.win32_1.0.200.202406191623/tools/bin/../lib/gcc/arm-none-eabi/12.3.1/../../../../arm-none-eabi/lib/thumb/v7-m/nofp\libc_nano.a(libc_a-memset.o)
                0x080024d0                memset
 .text.__libc_init_array
                0x080024e0       0x48 D:/CoubeIDE/STM32CubeIDE_1.10.1/STM32CubeIDE/plugins/com.st.stm32cube.ide.mcu.externaltools.gnu-tools-for-stm32.12.3.rel1.win32_1.0.200.202406191623/tools/bin/../lib/gcc/arm-none-eabi/12.3.1/../../../../arm-none-eabi/lib/thumb/v7-m/nofp\libc_nano.a(libc_a-init.o)
                0x080024e0                __libc_init_array
 *(.glue_7)
 .glue_7        0x08002528        0x0 linker stubs
 *(.glue_7t)
 .glue_7t       0x08002528        0x0 linker stubs
 *(.eh_frame)
 .eh_frame      0x08002528        0x0 D:/CoubeIDE/STM32CubeIDE_1.10.1/STM32CubeIDE/plugins/com.st.stm32cube.ide.mcu.externaltools.gnu-tools-for-stm32.12.3.rel1.win32_1.0.200.202406191623/tools/bin/../lib/gcc/arm-none-eabi/12.3.1/thumb/v7-m/nofp/crtbegin.o
 *(.init)
 .init          0x08002528        0x4 D:/CoubeIDE/STM32CubeIDE_1.10.1/STM32CubeIDE/plugins/com.st.stm32cube.ide.mcu.externaltools.gnu-tools-for-stm32.12.3.rel1.win32_1.0.200.202406191623/tools/bin/../lib/gcc/arm-none-eabi/12.3.1/thumb/v7-m/nofp/crti.o
                0x08002528                _init
 .init          0x0800252c        0x8 D:/CoubeIDE/STM32CubeIDE_1.10.1/STM32CubeIDE/plugins/com.st.stm32cube.ide.mcu.externaltools.gnu-tools-for-stm32.12.3.rel1.win32_1.0.200.202406191623/tools/bin/../lib/gcc/arm-none-eabi/12.3.1/thumb/v7-m/nofp/crtn.o
 *(.fini)
 .fini          0x08002534        0x4 D:/CoubeIDE/STM32CubeIDE_1.10.1/STM32CubeIDE/plugins/com.st.stm32cube.ide.mcu.externaltools.gnu-tools-for-stm32.12.3.rel1.win32_1.0.200.202406191623/tools/bin/../lib/gcc/arm-none-eabi/12.3.1/thumb/v7-m/nofp/crti.o
                0x08002534                _fini
 .fini          0x08002538        0x8 D:/CoubeIDE/STM32CubeIDE_1.10.1/STM32CubeIDE/plugins/com.st.stm32cube.ide.mcu.externaltools.gnu-tools-for-stm32.12.3.rel1.win32_1.0.200.202406191623/tools/bin/../lib/gcc/arm-none-eabi/12.3.1/thumb/v7-m/nofp/crtn.o
                0x08002540                        . = ALIGN (0x4)
                0x08002540                        _etext = .

.vfp11_veneer   0x08002540        0x0
 .vfp11_veneer  0x08002540        0x0 linker stubs

.v4_bx          0x08002540        0x0
 .v4_bx         0x08002540        0x0 linker stubs

.iplt           0x08002540        0x0
 .iplt          0x08002540        0x0 D:/CoubeIDE/STM32CubeIDE_1.10.1/STM32CubeIDE/plugins/com.st.stm32cube.ide.mcu.externaltools.gnu-tools-for-stm32.12.3.rel1.win32_1.0.200.202406191623/tools/bin/../lib/gcc/arm-none-eabi/12.3.1/thumb/v7-m/nofp/crtbegin.o

.rodata         0x08002540       0x38
                0x08002540                        . = ALIGN (0x4)
 *(.rodata)
 .rodata        0x08002540        0xc ./Core/Src/main.o
 *(.rodata*)
 .rodata.AHBPrescTable
                0x0800254c       0x10 ./Core/Src/system_stm32f1xx.o
                0x0800254c                AHBPrescTable
 .rodata.APBPrescTable
                0x0800255c        0x8 ./Core/Src/system_stm32f1xx.o
                0x0800255c                APBPrescTable
 .rodata.aPLLMULFactorTable.1
                0x08002564       0x10 ./Drivers/STM32F1xx_HAL_Driver/Src/stm32f1xx_hal_rcc.o
 .rodata.aPredivFactorTable.0
                0x08002574        0x2 ./Drivers/STM32F1xx_HAL_Driver/Src/stm32f1xx_hal_rcc.o
                0x08002578                        . = ALIGN (0x4)
 *fill*         0x08002576        0x2 

.ARM.extab      0x08002578        0x0
                0x08002578                        . = ALIGN (0x4)
 *(.ARM.extab* .gnu.linkonce.armextab.*)
                0x08002578                        . = ALIGN (0x4)

.ARM            0x08002578        0x8
                0x08002578                        . = ALIGN (0x4)
                0x08002578                        __exidx_start = .
 *(.ARM.exidx*)
 .ARM.exidx     0x08002578        0x8 D:/CoubeIDE/STM32CubeIDE_1.10.1/STM32CubeIDE/plugins/com.st.stm32cube.ide.mcu.externaltools.gnu-tools-for-stm32.12.3.rel1.win32_1.0.200.202406191623/tools/bin/../lib/gcc/arm-none-eabi/12.3.1/../../../../arm-none-eabi/lib/thumb/v7-m/nofp\libc_nano.a(libc_a-strlen.o)
                0x08002580                        __exidx_end = .
                0x08002580                        . = ALIGN (0x4)

.preinit_array  0x08002580        0x0
                0x08002580                        . = ALIGN (0x4)
                0x08002580                        PROVIDE (__preinit_array_start = .)
 *(.preinit_array*)
                0x08002580                        PROVIDE (__preinit_array_end = .)
                0x08002580                        . = ALIGN (0x4)

.init_array     0x08002580        0x4
                0x08002580                        . = ALIGN (0x4)
                0x08002580                        PROVIDE (__init_array_start = .)
 *(SORT_BY_NAME(.init_array.*))
 *(.init_array*)
 .init_array    0x08002580        0x4 D:/CoubeIDE/STM32CubeIDE_1.10.1/STM32CubeIDE/plugins/com.st.stm32cube.ide.mcu.externaltools.gnu-tools-for-stm32.12.3.rel1.win32_1.0.200.202406191623/tools/bin/../lib/gcc/arm-none-eabi/12.3.1/thumb/v7-m/nofp/crtbegin.o
                0x08002584                        PROVIDE (__init_array_end = .)
                0x08002584                        . = ALIGN (0x4)

.fini_array     0x08002584        0x4
                0x08002584                        . = ALIGN (0x4)
                [!provide]                        PROVIDE (__fini_array_start = .)
 *(SORT_BY_NAME(.fini_array.*))
 *(.fini_array*)
 .fini_array    0x08002584        0x4 D:/CoubeIDE/STM32CubeIDE_1.10.1/STM32CubeIDE/plugins/com.st.stm32cube.ide.mcu.externaltools.gnu-tools-for-stm32.12.3.rel1.win32_1.0.200.202406191623/tools/bin/../lib/gcc/arm-none-eabi/12.3.1/thumb/v7-m/nofp/crtbegin.o
                [!provide]                        PROVIDE (__fini_array_end = .)
                0x08002588                        . = ALIGN (0x4)
                0x08002588                        _sidata = LOADADDR (.data)

.rel.dyn        0x08002588        0x0
 .rel.iplt      0x08002588        0x0 D:/CoubeIDE/STM32CubeIDE_1.10.1/STM32CubeIDE/plugins/com.st.stm32cube.ide.mcu.externaltools.gnu-tools-for-stm32.12.3.rel1.win32_1.0.200.202406191623/tools/bin/../lib/gcc/arm-none-eabi/12.3.1/thumb/v7-m/nofp/crtbegin.o

.data           0x20000000       0x10 load address 0x08002588
                0x20000000                        . = ALIGN (0x4)
                0x20000000                        _sdata = .
 *(.data)
 *(.data*)
 .data.backlight
                0x20000000        0x1 ./Core/Src/lcd1602_i2c_lib.o
                0x20000000                backlight
 *fill*         0x20000001        0x3 
 .data.SystemCoreClock
                0x20000004        0x4 ./Core/Src/system_stm32f1xx.o
                0x20000004                SystemCoreClock
 .data.uwTickPrio
                0x20000008        0x4 ./Drivers/STM32F1xx_HAL_Driver/Src/stm32f1xx_hal.o
                0x20000008                uwTickPrio
 .data.uwTickFreq
                0x2000000c        0x1 ./Drivers/STM32F1xx_HAL_Driver/Src/stm32f1xx_hal.o
                0x2000000c                uwTickFreq
 *(.RamFunc)
 *(.RamFunc*)
                0x20000010                        . = ALIGN (0x4)
 *fill*         0x2000000d        0x3 
                0x20000010                        _edata = .

.igot.plt       0x20000010        0x0 load address 0x08002598
 .igot.plt      0x20000010        0x0 D:/CoubeIDE/STM32CubeIDE_1.10.1/STM32CubeIDE/plugins/com.st.stm32cube.ide.mcu.externaltools.gnu-tools-for-stm32.12.3.rel1.win32_1.0.200.202406191623/tools/bin/../lib/gcc/arm-none-eabi/12.3.1/thumb/v7-m/nofp/crtbegin.o
                0x20000010                        . = ALIGN (0x4)

.bss            0x20000010       0xbc load address 0x08002598
                0x20000010                        _sbss = .
                0x20000010                        __bss_start__ = _sbss
 *(.bss)
 .bss           0x20000010       0x1c D:/CoubeIDE/STM32CubeIDE_1.10.1/STM32CubeIDE/plugins/com.st.stm32cube.ide.mcu.externaltools.gnu-tools-for-stm32.12.3.rel1.win32_1.0.200.202406191623/tools/bin/../lib/gcc/arm-none-eabi/12.3.1/thumb/v7-m/nofp/crtbegin.o
 *(.bss*)
 .bss.hi2c2     0x2000002c       0x54 ./Core/Src/main.o
                0x2000002c                hi2c2
 .bss.htim1     0x20000080       0x48 ./Core/Src/main.o
                0x20000080                htim1
 .bss.uwTick    0x200000c8        0x4 ./Drivers/STM32F1xx_HAL_Driver/Src/stm32f1xx_hal.o
                0x200000c8                uwTick
 *(COMMON)
                0x200000cc                        . = ALIGN (0x4)
                0x200000cc                        _ebss = .
                0x200000cc                        __bss_end__ = _ebss

._user_heap_stack
                0x200000cc      0x604 load address 0x08002598
                0x200000d0                        . = ALIGN (0x8)
 *fill*         0x200000cc        0x4 
                [!provide]                        PROVIDE (end = .)
                0x200000d0                        PROVIDE (_end = .)
                0x200002d0                        . = (. + _Min_Heap_Size)
 *fill*         0x200000d0      0x200 
                0x200006d0                        . = (. + _Min_Stack_Size)
 *fill*         0x200002d0      0x400 
                0x200006d0                        . = ALIGN (0x8)

/DISCARD/
 libc.a(*)
 libm.a(*)
 libgcc.a(*)

.ARM.attributes
                0x00000000       0x29
 *(.ARM.attributes)
 .ARM.attributes
                0x00000000       0x1d D:/CoubeIDE/STM32CubeIDE_1.10.1/STM32CubeIDE/plugins/com.st.stm32cube.ide.mcu.externaltools.gnu-tools-for-stm32.12.3.rel1.win32_1.0.200.202406191623/tools/bin/../lib/gcc/arm-none-eabi/12.3.1/thumb/v7-m/nofp/crti.o
 .ARM.attributes
                0x0000001d       0x2d D:/CoubeIDE/STM32CubeIDE_1.10.1/STM32CubeIDE/plugins/com.st.stm32cube.ide.mcu.externaltools.gnu-tools-for-stm32.12.3.rel1.win32_1.0.200.202406191623/tools/bin/../lib/gcc/arm-none-eabi/12.3.1/thumb/v7-m/nofp/crtbegin.o
 .ARM.attributes
                0x0000004a       0x2d ./Core/Src/lcd1602_i2c_lib.o
 .ARM.attributes
                0x00000077       0x2d ./Core/Src/main.o
 .ARM.attributes
                0x000000a4       0x2d ./Core/Src/stm32f1xx_hal_msp.o
 .ARM.attributes
                0x000000d1       0x2d ./Core/Src/stm32f1xx_it.o
 .ARM.attributes
                0x000000fe       0x2d ./Core/Src/system_stm32f1xx.o
 .ARM.attributes
                0x0000012b       0x21 ./Core/Startup/startup_stm32f103rbtx.o
 .ARM.attributes
                0x0000014c       0x2d ./Drivers/STM32F1xx_HAL_Driver/Src/stm32f1xx_hal.o
 .ARM.attributes
                0x00000179       0x2d ./Drivers/STM32F1xx_HAL_Driver/Src/stm32f1xx_hal_cortex.o
 .ARM.attributes
                0x000001a6       0x2d ./Drivers/STM32F1xx_HAL_Driver/Src/stm32f1xx_hal_gpio.o
 .ARM.attributes
                0x000001d3       0x2d ./Drivers/STM32F1xx_HAL_Driver/Src/stm32f1xx_hal_i2c.o
 .ARM.attributes
                0x00000200       0x2d ./Drivers/STM32F1xx_HAL_Driver/Src/stm32f1xx_hal_rcc.o
 .ARM.attributes
                0x0000022d       0x2d ./Drivers/STM32F1xx_HAL_Driver/Src/stm32f1xx_hal_tim.o
 .ARM.attributes
                0x0000025a       0x2d ./Drivers/STM32F1xx_HAL_Driver/Src/stm32f1xx_hal_tim_ex.o
 .ARM.attributes
                0x00000287       0x2d D:/CoubeIDE/STM32CubeIDE_1.10.1/STM32CubeIDE/plugins/com.st.stm32cube.ide.mcu.externaltools.gnu-tools-for-stm32.12.3.rel1.win32_1.0.200.202406191623/tools/bin/../lib/gcc/arm-none-eabi/12.3.1/../../../../arm-none-eabi/lib/thumb/v7-m/nofp\libc_nano.a(libc_a-memset.o)
 .ARM.attributes
                0x000002b4       0x2d D:/CoubeIDE/STM32CubeIDE_1.10.1/STM32CubeIDE/plugins/com.st.stm32cube.ide.mcu.externaltools.gnu-tools-for-stm32.12.3.rel1.win32_1.0.200.202406191623/tools/bin/../lib/gcc/arm-none-eabi/12.3.1/../../../../arm-none-eabi/lib/thumb/v7-m/nofp\libc_nano.a(libc_a-init.o)
 .ARM.attributes
                0x000002e1       0x17 D:/CoubeIDE/STM32CubeIDE_1.10.1/STM32CubeIDE/plugins/com.st.stm32cube.ide.mcu.externaltools.gnu-tools-for-stm32.12.3.rel1.win32_1.0.200.202406191623/tools/bin/../lib/gcc/arm-none-eabi/12.3.1/../../../../arm-none-eabi/lib/thumb/v7-m/nofp\libc_nano.a(libc_a-strlen.o)
 .ARM.attributes
                0x000002f8       0x1d D:/CoubeIDE/STM32CubeIDE_1.10.1/STM32CubeIDE/plugins/com.st.stm32cube.ide.mcu.externaltools.gnu-tools-for-stm32.12.3.rel1.win32_1.0.200.202406191623/tools/bin/../lib/gcc/arm-none-eabi/12.3.1/thumb/v7-m/nofp/crtn.o
OUTPUT(MonitorDBG.elf elf32-littlearm)
LOAD linker stubs
LOAD D:/CoubeIDE/STM32CubeIDE_1.10.1/STM32CubeIDE/plugins/com.st.stm32cube.ide.mcu.externaltools.gnu-tools-for-stm32.12.3.rel1.win32_1.0.200.202406191623/tools/bin/../lib/gcc/arm-none-eabi/12.3.1/../../../../arm-none-eabi/lib/thumb/v7-m/nofp\libc.a
LOAD D:/CoubeIDE/STM32CubeIDE_1.10.1/STM32CubeIDE/plugins/com.st.stm32cube.ide.mcu.externaltools.gnu-tools-for-stm32.12.3.rel1.win32_1.0.200.202406191623/tools/bin/../lib/gcc/arm-none-eabi/12.3.1/../../../../arm-none-eabi/lib/thumb/v7-m/nofp\libm.a
LOAD D:/CoubeIDE/STM32CubeIDE_1.10.1/STM32CubeIDE/plugins/com.st.stm32cube.ide.mcu.externaltools.gnu-tools-for-stm32.12.3.rel1.win32_1.0.200.202406191623/tools/bin/../lib/gcc/arm-none-eabi/12.3.1/thumb/v7-m/nofp\libgcc.a

.debug_info     0x00000000     0xac1a
 .debug_info    0x00000000      0x8f1 ./Core/Src/lcd1602_i2c_lib.o
 .debug_info    0x000008f1     0x11b6 ./Core/Src/main.o
 .debug_info    0x00001aa7      0xbeb ./Core/Src/stm32f1xx_hal_msp.o
 .debug_info    0x00002692      0x113 ./Core/Src/stm32f1xx_it.o
 .debug_info    0x000027a5      0x222 ./Core/Src/system_stm32f1xx.o
 .debug_info    0x000029c7       0x30 ./Core/Startup/startup_stm32f103rbtx.o
 .debug_info    0x000029f7      0x704 ./Drivers/STM32F1xx_HAL_Driver/Src/stm32f1xx_hal.o
 .debug_info    0x000030fb      0xa87 ./Drivers/STM32F1xx_HAL_Driver/Src/stm32f1xx_hal_cortex.o
 .debug_info    0x00003b82      0x5ab ./Drivers/STM32F1xx_HAL_Driver/Src/stm32f1xx_hal_gpio.o
 .debug_info    0x0000412d     0x2524 ./Drivers/STM32F1xx_HAL_Driver/Src/stm32f1xx_hal_i2c.o
 .debug_info    0x00006651      0x7d5 ./Drivers/STM32F1xx_HAL_Driver/Src/stm32f1xx_hal_rcc.o
 .debug_info    0x00006e26     0x2959 ./Drivers/STM32F1xx_HAL_Driver/Src/stm32f1xx_hal_tim.o
 .debug_info    0x0000977f     0x149b ./Drivers/STM32F1xx_HAL_Driver/Src/stm32f1xx_hal_tim_ex.o

.debug_abbrev   0x00000000     0x1b01
 .debug_abbrev  0x00000000      0x2a7 ./Core/Src/lcd1602_i2c_lib.o
 .debug_abbrev  0x000002a7      0x39f ./Core/Src/main.o
 .debug_abbrev  0x00000646      0x1d3 ./Core/Src/stm32f1xx_hal_msp.o
 .debug_abbrev  0x00000819       0x73 ./Core/Src/stm32f1xx_it.o
 .debug_abbrev  0x0000088c      0x13f ./Core/Src/system_stm32f1xx.o
 .debug_abbrev  0x000009cb       0x24 ./Core/Startup/startup_stm32f103rbtx.o
 .debug_abbrev  0x000009ef      0x201 ./Drivers/STM32F1xx_HAL_Driver/Src/stm32f1xx_hal.o
 .debug_abbrev  0x00000bf0      0x2f8 ./Drivers/STM32F1xx_HAL_Driver/Src/stm32f1xx_hal_cortex.o
 .debug_abbrev  0x00000ee8      0x1ca ./Drivers/STM32F1xx_HAL_Driver/Src/stm32f1xx_hal_gpio.o
 .debug_abbrev  0x000010b2      0x2a3 ./Drivers/STM32F1xx_HAL_Driver/Src/stm32f1xx_hal_i2c.o
 .debug_abbrev  0x00001355      0x2b3 ./Drivers/STM32F1xx_HAL_Driver/Src/stm32f1xx_hal_rcc.o
 .debug_abbrev  0x00001608      0x277 ./Drivers/STM32F1xx_HAL_Driver/Src/stm32f1xx_hal_tim.o
 .debug_abbrev  0x0000187f      0x282 ./Drivers/STM32F1xx_HAL_Driver/Src/stm32f1xx_hal_tim_ex.o

.debug_aranges  0x00000000      0xc80
 .debug_aranges
                0x00000000       0x90 ./Core/Src/lcd1602_i2c_lib.o
 .debug_aranges
                0x00000090       0x58 ./Core/Src/main.o
 .debug_aranges
                0x000000e8       0x40 ./Core/Src/stm32f1xx_hal_msp.o
 .debug_aranges
                0x00000128       0x60 ./Core/Src/stm32f1xx_it.o
 .debug_aranges
                0x00000188       0x28 ./Core/Src/system_stm32f1xx.o
 .debug_aranges
                0x000001b0       0x28 ./Core/Startup/startup_stm32f103rbtx.o
 .debug_aranges
                0x000001d8       0xe0 ./Drivers/STM32F1xx_HAL_Driver/Src/stm32f1xx_hal.o
 .debug_aranges
                0x000002b8      0x100 ./Drivers/STM32F1xx_HAL_Driver/Src/stm32f1xx_hal_cortex.o
 .debug_aranges
                0x000003b8       0x58 ./Drivers/STM32F1xx_HAL_Driver/Src/stm32f1xx_hal_gpio.o
 .debug_aranges
                0x00000410      0x2a8 ./Drivers/STM32F1xx_HAL_Driver/Src/stm32f1xx_hal_i2c.o
 .debug_aranges
                0x000006b8       0x90 ./Drivers/STM32F1xx_HAL_Driver/Src/stm32f1xx_hal_rcc.o
 .debug_aranges
                0x00000748      0x3d0 ./Drivers/STM32F1xx_HAL_Driver/Src/stm32f1xx_hal_tim.o
 .debug_aranges
                0x00000b18      0x168 ./Drivers/STM32F1xx_HAL_Driver/Src/stm32f1xx_hal_tim_ex.o

.debug_rnglists
                0x00000000      0x9d0
 .debug_rnglists
                0x00000000       0x6a ./Core/Src/lcd1602_i2c_lib.o
 .debug_rnglists
                0x0000006a       0x40 ./Core/Src/main.o
 .debug_rnglists
                0x000000aa       0x2c ./Core/Src/stm32f1xx_hal_msp.o
 .debug_rnglists
                0x000000d6       0x43 ./Core/Src/stm32f1xx_it.o
 .debug_rnglists
                0x00000119       0x1a ./Core/Src/system_stm32f1xx.o
 .debug_rnglists
                0x00000133       0x19 ./Core/Startup/startup_stm32f103rbtx.o
 .debug_rnglists
                0x0000014c       0xa3 ./Drivers/STM32F1xx_HAL_Driver/Src/stm32f1xx_hal.o
 .debug_rnglists
                0x000001ef       0xbb ./Drivers/STM32F1xx_HAL_Driver/Src/stm32f1xx_hal_cortex.o
 .debug_rnglists
                0x000002aa       0x3f ./Drivers/STM32F1xx_HAL_Driver/Src/stm32f1xx_hal_gpio.o
 .debug_rnglists
                0x000002e9      0x23c ./Drivers/STM32F1xx_HAL_Driver/Src/stm32f1xx_hal_i2c.o
 .debug_rnglists
                0x00000525       0x6c ./Drivers/STM32F1xx_HAL_Driver/Src/stm32f1xx_hal_rcc.o
 .debug_rnglists
                0x00000591      0x31a ./Drivers/STM32F1xx_HAL_Driver/Src/stm32f1xx_hal_tim.o
 .debug_rnglists
                0x000008ab      0x125 ./Drivers/STM32F1xx_HAL_Driver/Src/stm32f1xx_hal_tim_ex.o

.debug_macro    0x00000000    0x1783c
 .debug_macro   0x00000000      0x294 ./Core/Src/lcd1602_i2c_lib.o
 .debug_macro   0x00000294      0xaa8 ./Core/Src/lcd1602_i2c_lib.o
 .debug_macro   0x00000d3c      0x21b ./Core/Src/lcd1602_i2c_lib.o
 .debug_macro   0x00000f57       0x2e ./Core/Src/lcd1602_i2c_lib.o
 .debug_macro   0x00000f85       0x22 ./Core/Src/lcd1602_i2c_lib.o
 .debug_macro   0x00000fa7       0x22 ./Core/Src/lcd1602_i2c_lib.o
 .debug_macro   0x00000fc9       0x8e ./Core/Src/lcd1602_i2c_lib.o
 .debug_macro   0x00001057       0x51 ./Core/Src/lcd1602_i2c_lib.o
 .debug_macro   0x000010a8      0x103 ./Core/Src/lcd1602_i2c_lib.o
 .debug_macro   0x000011ab       0x6a ./Core/Src/lcd1602_i2c_lib.o
 .debug_macro   0x00001215      0x1df ./Core/Src/lcd1602_i2c_lib.o
 .debug_macro   0x000013f4       0x1c ./Core/Src/lcd1602_i2c_lib.o
 .debug_macro   0x00001410       0x22 ./Core/Src/lcd1602_i2c_lib.o
 .debug_macro   0x00001432       0xbd ./Core/Src/lcd1602_i2c_lib.o
 .debug_macro   0x000014ef      0xd23 ./Core/Src/lcd1602_i2c_lib.o
 .debug_macro   0x00002212     0xe09e ./Core/Src/lcd1602_i2c_lib.o
 .debug_macro   0x000102b0       0x6d ./Core/Src/lcd1602_i2c_lib.o
 .debug_macro   0x0001031d     0x34a2 ./Core/Src/lcd1602_i2c_lib.o
 .debug_macro   0x000137bf      0x189 ./Core/Src/lcd1602_i2c_lib.o
 .debug_macro   0x00013948       0x5c ./Core/Src/lcd1602_i2c_lib.o
 .debug_macro   0x000139a4      0x5bc ./Core/Src/lcd1602_i2c_lib.o
 .debug_macro   0x00013f60      0x289 ./Core/Src/lcd1602_i2c_lib.o
 .debug_macro   0x000141e9      0x1cb ./Core/Src/lcd1602_i2c_lib.o
 .debug_macro   0x000143b4      0x114 ./Core/Src/lcd1602_i2c_lib.o
 .debug_macro   0x000144c8      0x1b2 ./Core/Src/lcd1602_i2c_lib.o
 .debug_macro   0x0001467a       0x27 ./Core/Src/lcd1602_i2c_lib.o
 .debug_macro   0x000146a1      0x136 ./Core/Src/lcd1602_i2c_lib.o
 .debug_macro   0x000147d7      0x1bc ./Core/Src/lcd1602_i2c_lib.o
 .debug_macro   0x00014993       0x34 ./Core/Src/lcd1602_i2c_lib.o
 .debug_macro   0x000149c7       0x3c ./Core/Src/lcd1602_i2c_lib.o
 .debug_macro   0x00014a03       0x57 ./Core/Src/lcd1602_i2c_lib.o
 .debug_macro   0x00014a5a       0x87 ./Core/Src/lcd1602_i2c_lib.o
 .debug_macro   0x00014ae1      0x240 ./Core/Src/lcd1602_i2c_lib.o
 .debug_macro   0x00014d21      0x287 ./Core/Src/lcd1602_i2c_lib.o
 .debug_macro   0x00014fa8      0x140 ./Core/Src/lcd1602_i2c_lib.o
 .debug_macro   0x000150e8      0x8ed ./Core/Src/lcd1602_i2c_lib.o
 .debug_macro   0x000159d5       0x83 ./Core/Src/lcd1602_i2c_lib.o
 .debug_macro   0x00015a58       0x61 ./Core/Src/lcd1602_i2c_lib.o
 .debug_macro   0x00015ab9       0x24 ./Core/Src/lcd1602_i2c_lib.o
 .debug_macro   0x00015add       0x43 ./Core/Src/lcd1602_i2c_lib.o
 .debug_macro   0x00015b20       0x34 ./Core/Src/lcd1602_i2c_lib.o
 .debug_macro   0x00015b54       0x16 ./Core/Src/lcd1602_i2c_lib.o
 .debug_macro   0x00015b6a       0x43 ./Core/Src/lcd1602_i2c_lib.o
 .debug_macro   0x00015bad       0x34 ./Core/Src/lcd1602_i2c_lib.o
 .debug_macro   0x00015be1       0x10 ./Core/Src/lcd1602_i2c_lib.o
 .debug_macro   0x00015bf1       0x58 ./Core/Src/lcd1602_i2c_lib.o
 .debug_macro   0x00015c49       0x8e ./Core/Src/lcd1602_i2c_lib.o
 .debug_macro   0x00015cd7       0x1c ./Core/Src/lcd1602_i2c_lib.o
 .debug_macro   0x00015cf3      0x177 ./Core/Src/lcd1602_i2c_lib.o
 .debug_macro   0x00015e6a      0x369 ./Core/Src/lcd1602_i2c_lib.o
 .debug_macro   0x000161d3       0x10 ./Core/Src/lcd1602_i2c_lib.o
 .debug_macro   0x000161e3       0x35 ./Core/Src/lcd1602_i2c_lib.o
 .debug_macro   0x00016218       0x20 ./Core/Src/lcd1602_i2c_lib.o
 .debug_macro   0x00016238       0x22 ./Core/Src/lcd1602_i2c_lib.o
 .debug_macro   0x0001625a      0x2c8 ./Core/Src/main.o
 .debug_macro   0x00016522       0x16 ./Core/Src/main.o
 .debug_macro   0x00016538       0x10 ./Core/Src/main.o
 .debug_macro   0x00016548       0x16 ./Core/Src/main.o
 .debug_macro   0x0001655e       0x16 ./Core/Src/main.o
 .debug_macro   0x00016574      0x146 ./Core/Src/main.o
 .debug_macro   0x000166ba       0x16 ./Core/Src/main.o
 .debug_macro   0x000166d0      0x1ad ./Core/Src/stm32f1xx_hal_msp.o
 .debug_macro   0x0001687d      0x1b7 ./Core/Src/stm32f1xx_it.o
 .debug_macro   0x00016a34      0x1a3 ./Core/Src/system_stm32f1xx.o
 .debug_macro   0x00016bd7      0x1c7 ./Drivers/STM32F1xx_HAL_Driver/Src/stm32f1xx_hal.o
 .debug_macro   0x00016d9e      0x1a3 ./Drivers/STM32F1xx_HAL_Driver/Src/stm32f1xx_hal_cortex.o
 .debug_macro   0x00016f41      0x20e ./Drivers/STM32F1xx_HAL_Driver/Src/stm32f1xx_hal_gpio.o
 .debug_macro   0x0001714f      0x1f1 ./Drivers/STM32F1xx_HAL_Driver/Src/stm32f1xx_hal_i2c.o
 .debug_macro   0x00017340      0x1b5 ./Drivers/STM32F1xx_HAL_Driver/Src/stm32f1xx_hal_rcc.o
 .debug_macro   0x000174f5      0x1a4 ./Drivers/STM32F1xx_HAL_Driver/Src/stm32f1xx_hal_tim.o
 .debug_macro   0x00017699      0x1a3 ./Drivers/STM32F1xx_HAL_Driver/Src/stm32f1xx_hal_tim_ex.o

.debug_line     0x00000000     0xe501
 .debug_line    0x00000000      0xc00 ./Core/Src/lcd1602_i2c_lib.o
 .debug_line    0x00000c00      0xb42 ./Core/Src/main.o
 .debug_line    0x00001742      0x76f ./Core/Src/stm32f1xx_hal_msp.o
 .debug_line    0x00001eb1      0x7ae ./Core/Src/stm32f1xx_it.o
 .debug_line    0x0000265f      0x76a ./Core/Src/system_stm32f1xx.o
 .debug_line    0x00002dc9       0x78 ./Core/Startup/startup_stm32f103rbtx.o
 .debug_line    0x00002e41      0x997 ./Drivers/STM32F1xx_HAL_Driver/Src/stm32f1xx_hal.o
 .debug_line    0x000037d8      0xb83 ./Drivers/STM32F1xx_HAL_Driver/Src/stm32f1xx_hal_cortex.o
 .debug_line    0x0000435b      0xa30 ./Drivers/STM32F1xx_HAL_Driver/Src/stm32f1xx_hal_gpio.o
 .debug_line    0x00004d8b     0x3c34 ./Drivers/STM32F1xx_HAL_Driver/Src/stm32f1xx_hal_i2c.o
 .debug_line    0x000089bf      0xda0 ./Drivers/STM32F1xx_HAL_Driver/Src/stm32f1xx_hal_rcc.o
 .debug_line    0x0000975f     0x34bc ./Drivers/STM32F1xx_HAL_Driver/Src/stm32f1xx_hal_tim.o
 .debug_line    0x0000cc1b     0x18e6 ./Drivers/STM32F1xx_HAL_Driver/Src/stm32f1xx_hal_tim_ex.o

.debug_str      0x00000000    0x8a26f
 .debug_str     0x00000000    0x86767 ./Core/Src/lcd1602_i2c_lib.o
                              0x86b53 (size before relaxing)
 .debug_str     0x00086767      0xcb3 ./Core/Src/main.o
                              0x876c5 (size before relaxing)
 .debug_str     0x0008741a       0xbd ./Core/Src/stm32f1xx_hal_msp.o
                              0x83b9d (size before relaxing)
 .debug_str     0x000874d7       0xc9 ./Core/Src/stm32f1xx_it.o
                              0x8339b (size before relaxing)
 .debug_str     0x000875a0       0x7e ./Core/Src/system_stm32f1xx.o
                              0x833b1 (size before relaxing)
 .debug_str     0x0008761e       0x44 ./Core/Startup/startup_stm32f103rbtx.o
                                 0x75 (size before relaxing)
 .debug_str     0x00087662      0x607 ./Drivers/STM32F1xx_HAL_Driver/Src/stm32f1xx_hal.o
                              0x83ae4 (size before relaxing)
 .debug_str     0x00087c69      0x293 ./Drivers/STM32F1xx_HAL_Driver/Src/stm32f1xx_hal_cortex.o
                              0x83a30 (size before relaxing)
 .debug_str     0x00087efc      0x322 ./Drivers/STM32F1xx_HAL_Driver/Src/stm32f1xx_hal_gpio.o
                              0x83737 (size before relaxing)
 .debug_str     0x0008821e      0xbc3 ./Drivers/STM32F1xx_HAL_Driver/Src/stm32f1xx_hal_i2c.o
                              0x84478 (size before relaxing)
 .debug_str     0x00088de1      0x1f7 ./Drivers/STM32F1xx_HAL_Driver/Src/stm32f1xx_hal_rcc.o
                              0x837e0 (size before relaxing)
 .debug_str     0x00088fd8      0xe04 ./Drivers/STM32F1xx_HAL_Driver/Src/stm32f1xx_hal_tim.o
                              0x847e2 (size before relaxing)
 .debug_str     0x00089ddc      0x493 ./Drivers/STM32F1xx_HAL_Driver/Src/stm32f1xx_hal_tim_ex.o
                              0x83fee (size before relaxing)

.comment        0x00000000       0x43
 .comment       0x00000000       0x43 ./Core/Src/lcd1602_i2c_lib.o
                                 0x44 (size before relaxing)
 .comment       0x00000043       0x44 ./Core/Src/main.o
 .comment       0x00000043       0x44 ./Core/Src/stm32f1xx_hal_msp.o
 .comment       0x00000043       0x44 ./Core/Src/stm32f1xx_it.o
 .comment       0x00000043       0x44 ./Core/Src/system_stm32f1xx.o
 .comment       0x00000043       0x44 ./Drivers/STM32F1xx_HAL_Driver/Src/stm32f1xx_hal.o
 .comment       0x00000043       0x44 ./Drivers/STM32F1xx_HAL_Driver/Src/stm32f1xx_hal_cortex.o
 .comment       0x00000043       0x44 ./Drivers/STM32F1xx_HAL_Driver/Src/stm32f1xx_hal_gpio.o
 .comment       0x00000043       0x44 ./Drivers/STM32F1xx_HAL_Driver/Src/stm32f1xx_hal_i2c.o
 .comment       0x00000043       0x44 ./Drivers/STM32F1xx_HAL_Driver/Src/stm32f1xx_hal_rcc.o
 .comment       0x00000043       0x44 ./Drivers/STM32F1xx_HAL_Driver/Src/stm32f1xx_hal_tim.o
 .comment       0x00000043       0x44 ./Drivers/STM32F1xx_HAL_Driver/Src/stm32f1xx_hal_tim_ex.o

.debug_frame    0x00000000     0x34ec
 .debug_frame   0x00000000      0x228 ./Core/Src/lcd1602_i2c_lib.o
 .debug_frame   0x00000228      0x118 ./Core/Src/main.o
 .debug_frame   0x00000340       0xd0 ./Core/Src/stm32f1xx_hal_msp.o
 .debug_frame   0x00000410      0x104 ./Core/Src/stm32f1xx_it.o
 .debug_frame   0x00000514       0x58 ./Core/Src/system_stm32f1xx.o
 .debug_frame   0x0000056c      0x334 ./Drivers/STM32F1xx_HAL_Driver/Src/stm32f1xx_hal.o
 .debug_frame   0x000008a0      0x428 ./Drivers/STM32F1xx_HAL_Driver/Src/stm32f1xx_hal_cortex.o
 .debug_frame   0x00000cc8      0x14c ./Drivers/STM32F1xx_HAL_Driver/Src/stm32f1xx_hal_gpio.o
 .debug_frame   0x00000e14      0xc84 ./Drivers/STM32F1xx_HAL_Driver/Src/stm32f1xx_hal_i2c.o
 .debug_frame   0x00001a98      0x218 ./Drivers/STM32F1xx_HAL_Driver/Src/stm32f1xx_hal_rcc.o
 .debug_frame   0x00001cb0     0x11b8 ./Drivers/STM32F1xx_HAL_Driver/Src/stm32f1xx_hal_tim.o
 .debug_frame   0x00002e68      0x638 ./Drivers/STM32F1xx_HAL_Driver/Src/stm32f1xx_hal_tim_ex.o
 .debug_frame   0x000034a0       0x20 D:/CoubeIDE/STM32CubeIDE_1.10.1/STM32CubeIDE/plugins/com.st.stm32cube.ide.mcu.externaltools.gnu-tools-for-stm32.12.3.rel1.win32_1.0.200.202406191623/tools/bin/../lib/gcc/arm-none-eabi/12.3.1/../../../../arm-none-eabi/lib/thumb/v7-m/nofp\libc_nano.a(libc_a-memset.o)
 .debug_frame   0x000034c0       0x2c D:/CoubeIDE/STM32CubeIDE_1.10.1/STM32CubeIDE/plugins/com.st.stm32cube.ide.mcu.externaltools.gnu-tools-for-stm32.12.3.rel1.win32_1.0.200.202406191623/tools/bin/../lib/gcc/arm-none-eabi/12.3.1/../../../../arm-none-eabi/lib/thumb/v7-m/nofp\libc_nano.a(libc_a-init.o)

.debug_line_str
                0x00000000       0x59
 .debug_line_str
                0x00000000       0x59 ./Core/Startup/startup_stm32f103rbtx.o
